#-----------------------------------------------------------
# Vivado v2015.2 (64-bit)
# SW Build 1266856 on Fri Jun 26 16:35:25 MDT 2015
# IP Build 1264090 on Wed Jun 24 14:22:01 MDT 2015
# Start of session at: Sun Jun 10 00:59:46 2018
# Process ID: 17272
# Log file: D:/5Project/PYNQ/Air-conditioning-infrared-remote-control/ip_repo/IR_2/vivado.log
# Journal file: D:/5Project/PYNQ/Air-conditioning-infrared-remote-control/ip_repo/IR_2\vivado.jou
#-----------------------------------------------------------
start_gui
open_project D:/5Project/PYNQ/Air-conditioning-infrared-remote-control/ip_repo/IR_2/edit_IR_v1_0.xpr
ipx::package_project -root_dir D:/5Project/PYNQ/Air-conditioning-infrared-remote-control/IP_definition_2 -vendor xilinx.com -library user -taxonomy /UserIP -import_files -set_current false
ipx::unload_core d:/5Project/PYNQ/Air-conditioning-infrared-remote-control/IP_definition_2/component.xml
ipx::edit_ip_in_project -upgrade true -name tmp_edit_project -directory D:/5Project/PYNQ/Air-conditioning-infrared-remote-control/IP_definition_2 d:/5Project/PYNQ/Air-conditioning-infrared-remote-control/IP_definition_2/component.xml
update_compile_order -fileset sim_1
close_project
