#-----------------------------------------------------------
# Vivado v2015.2 (64-bit)
# SW Build 1266856 on Fri Jun 26 16:35:25 MDT 2015
# IP Build 1264090 on Wed Jun 24 14:22:01 MDT 2015
# Start of session at: Mon Jun 11 13:57:16 2018
# Process ID: 96
# Log file: D:/5Project/11111/temp/yaokongqi/vivado.log
# Journal file: D:/5Project/11111/temp/yaokongqi\vivado.jou
#-----------------------------------------------------------
start_gui
open_project D:/5Project/11111/temp/yaokongqi/yaokongqi.xpr
file copy -force D:/5Project/11111/temp/yaokongqi/yaokongqi.runs/impl_1/design_1_wrapper.sysdef D:/5Project/11111/temp/yaokongqi/yaokongqi.sdk/design_1_wrapper.hdf

open_hw
connect_hw_server
open_hw_target [lindex [get_hw_targets -of_objects [get_hw_servers localhost]] 0]
set_property PROGRAM.FILE {D:/5Project/11111/temp/yaokongqi/yaokongqi.runs/impl_1/design_1_wrapper.bit} [lindex [get_hw_devices] 1]
current_hw_device [lindex [get_hw_devices] 1]
refresh_hw_device -update_hw_probes false [lindex [get_hw_devices] 1]
set_property PROBES.FILE {} [lindex [get_hw_devices] 1]
set_property PROGRAM.FILE {D:/5Project/11111/temp/yaokongqi/yaokongqi.runs/impl_1/design_1_wrapper.bit} [lindex [get_hw_devices] 1]
program_hw_devices [lindex [get_hw_devices] 1]
refresh_hw_device [lindex [get_hw_devices] 1]
file copy -force D:/5Project/11111/temp/yaokongqi/yaokongqi.runs/impl_1/design_1_wrapper.sysdef D:/5Project/11111/temp/yaokongqi/yaokongqi.sdk/design_1_wrapper.hdf

launch_sdk -workspace D:/5Project/11111/temp/yaokongqi/yaokongqi.sdk -hwspec D:/5Project/11111/temp/yaokongqi/yaokongqi.sdk/design_1_wrapper.hdf
launch_sdk -workspace D:/5Project/11111/temp/yaokongqi/yaokongqi.sdk -hwspec D:/5Project/11111/temp/yaokongqi/yaokongqi.sdk/design_1_wrapper.hdf
close_hw
open_bd_design {D:/5Project/11111/temp/yaokongqi/yaokongqi.srcs/sources_1/bd/design_1/design_1.bd}
open_hw
connect_hw_server
open_hw_target [lindex [get_hw_targets -of_objects [get_hw_servers localhost]] 0]
set_property PROGRAM.FILE {D:/5Project/11111/temp/yaokongqi/yaokongqi.runs/impl_1/design_1_wrapper.bit} [lindex [get_hw_devices] 1]
current_hw_device [lindex [get_hw_devices] 1]
refresh_hw_device -update_hw_probes false [lindex [get_hw_devices] 1]
set_property PROBES.FILE {} [lindex [get_hw_devices] 1]
set_property PROGRAM.FILE {D:/5Project/11111/temp/yaokongqi/yaokongqi.runs/impl_1/design_1_wrapper.bit} [lindex [get_hw_devices] 1]
program_hw_devices [lindex [get_hw_devices] 1]
refresh_hw_device [lindex [get_hw_devices] 1]
close_hw_target
set_property PROBES.FILE {} [lindex [get_hw_devices] 1]
set_property PROGRAM.FILE {D:/5Project/11111/temp/yaokongqi/yaokongqi.runs/impl_1/design_1_wrapper.bit} [lindex [get_hw_devices] 1]
program_hw_devices [lindex [get_hw_devices] 1]
refresh_hw_device [lindex [get_hw_devices] 1]
launch_sdk -workspace D:/5Project/11111/temp/yaokongqi/yaokongqi.sdk -hwspec D:/5Project/11111/temp/yaokongqi/yaokongqi.sdk/design_1_wrapper.hdf
close_hw_target
launch_sdk -workspace D:/5Project/11111/temp/yaokongqi/yaokongqi.sdk -hwspec D:/5Project/11111/temp/yaokongqi/yaokongqi.sdk/design_1_wrapper.hdf
close_hw_target
close_hw_target
